::1 - - [21/May/2026 23:35:17] "HEAD /memoire_complet.html HTTP/1.1" 200 -
::1 - - [21/May/2026 23:35:50] "GET /memoire_complet.html HTTP/1.1" 200 -
::1 - - [21/May/2026 23:35:50] "GET /diagramme_cas_utilisation.png HTTP/1.1" 200 -
::1 - - [21/May/2026 23:36:55] "GET /memoire_complet.html HTTP/1.1" 304 -
::1 - - [21/May/2026 23:36:55] "GET /diagramme_cas_utilisation.png HTTP/1.1" 304 -
::1 - - [21/May/2026 23:48:03] "HEAD /memoire_complet.html HTTP/1.1" 200 -
::1 - - [21/May/2026 23:48:24] "GET /memoire_complet.html HTTP/1.1" 200 -
::1 - - [21/May/2026 23:48:24] "GET /diagramme_cas_utilisation.png HTTP/1.1" 304 -
::1 - - [21/May/2026 23:48:59] "GET /memoire_complet.html HTTP/1.1" 304 -
::1 - - [21/May/2026 23:53:23] "GET /memoire_complet.html HTTP/1.1" 200 -
::1 - - [21/May/2026 23:53:23] "GET /diagramme_cas_utilisation.png HTTP/1.1" 304 -
::1 - - [21/May/2026 23:56:18] "GET /memoire_complet.html HTTP/1.1" 200 -
::1 - - [21/May/2026 23:56:18] "GET /diagramme_cas_utilisation.png HTTP/1.1" 304 -
::1 - - [22/May/2026 00:02:44] "GET /memoire_complet.html HTTP/1.1" 200 -
::1 - - [22/May/2026 00:02:44] "GET /diagramme_cas_utilisation.png HTTP/1.1" 304 -
::1 - - [22/May/2026 00:15:39] "GET /memoire_complet.html HTTP/1.1" 200 -
::1 - - [22/May/2026 00:15:39] "GET /flutter_logo.png HTTP/1.1" 200 -
::1 - - [22/May/2026 00:15:39] "GET /diagramme_cas_utilisation.png HTTP/1.1" 304 -
::1 - - [22/May/2026 00:15:40] "GET /app_signup.png HTTP/1.1" 200 -
::1 - - [22/May/2026 00:15:40] "GET /app_swipe.png HTTP/1.1" 200 -
::1 - - [22/May/2026 00:15:40] "GET /app_matches.png HTTP/1.1" 200 -
::1 - - [22/May/2026 00:15:40] "GET /app_premium.png HTTP/1.1" 200 -
::1 - - [22/May/2026 00:24:52] "GET /memoire_complet.html HTTP/1.1" 200 -
::1 - - [22/May/2026 00:24:53] "GET /diagramme_cas_utilisation.png HTTP/1.1" 304 -
::1 - - [22/May/2026 00:24:53] "GET /flutter_logo.png HTTP/1.1" 304 -
::1 - - [22/May/2026 00:24:53] "GET /app_otp.png HTTP/1.1" 200 -
::1 - - [22/May/2026 00:24:53] "GET /app_profile.png HTTP/1.1" 200 -
::1 - - [22/May/2026 00:24:53] "GET /app_signup.png HTTP/1.1" 304 -
::1 - - [22/May/2026 00:24:53] "GET /app_swipe.png HTTP/1.1" 304 -
::1 - - [22/May/2026 00:24:53] "GET /app_matches.png HTTP/1.1" 304 -
::1 - - [22/May/2026 00:24:53] "GET /app_premium.png HTTP/1.1" 304 -
::1 - - [22/May/2026 00:43:28] "GET /memoire_complet.html HTTP/1.1" 200 -
::1 - - [22/May/2026 00:43:28] "GET /diagramme_cas_utilisation.png HTTP/1.1" 304 -
::1 - - [22/May/2026 00:43:28] "GET /flutter_logo.png HTTP/1.1" 304 -
::1 - - [22/May/2026 00:43:28] "GET /app_signup.png HTTP/1.1" 304 -
::1 - - [22/May/2026 00:43:28] "GET /app_otp.png HTTP/1.1" 304 -
::1 - - [22/May/2026 00:43:28] "GET /app_profile.png HTTP/1.1" 304 -
::1 - - [22/May/2026 00:43:28] "GET /app_swipe.png HTTP/1.1" 304 -
::1 - - [22/May/2026 00:43:28] "GET /app_alerts.jpg HTTP/1.1" 200 -
::1 - - [22/May/2026 00:43:28] "GET /app_premium.png HTTP/1.1" 304 -
::1 - - [22/May/2026 00:43:28] "GET /app_matches.png HTTP/1.1" 304 -
::1 - - [22/May/2026 00:43:28] "GET /app_vip.jpg HTTP/1.1" 200 -
::1 - - [22/May/2026 00:53:31] "GET /memoire_complet.html HTTP/1.1" 200 -
::1 - - [22/May/2026 00:53:31] "GET /flutter_logo.png HTTP/1.1" 304 -
::1 - - [22/May/2026 00:53:31] "GET /diagramme_cas_utilisation.png HTTP/1.1" 304 -
::1 - - [22/May/2026 00:53:31] "GET /app_signup.png HTTP/1.1" 304 -
::1 - - [22/May/2026 00:53:31] "GET /app_otp.png HTTP/1.1" 304 -
::1 - - [22/May/2026 00:53:31] "GET /app_profile.png HTTP/1.1" 304 -
::1 - - [22/May/2026 00:53:31] "GET /app_alerts.jpg HTTP/1.1" 304 -
::1 - - [22/May/2026 00:53:31] "GET /app_swipe.jpg HTTP/1.1" 200 -
::1 - - [22/May/2026 00:53:31] "GET /app_matches.jpg HTTP/1.1" 200 -
::1 - - [22/May/2026 00:53:31] "GET /app_vip.jpg HTTP/1.1" 304 -
::1 - - [22/May/2026 00:53:31] "GET /app_premium.png HTTP/1.1" 304 -
::1 - - [22/May/2026 01:05:10] "GET /memoire_complet.html HTTP/1.1" 200 -
::1 - - [22/May/2026 01:05:10] "GET /diagramme_cas_utilisation.png HTTP/1.1" 304 -
::1 - - [22/May/2026 01:05:10] "GET /flutter_logo.png HTTP/1.1" 304 -
::1 - - [22/May/2026 01:05:10] "GET /app_profile.png HTTP/1.1" 304 -
::1 - - [22/May/2026 01:05:10] "GET /app_otp.png HTTP/1.1" 304 -
::1 - - [22/May/2026 01:05:10] "GET /app_alerts.jpg HTTP/1.1" 304 -
::1 - - [22/May/2026 01:05:10] "GET /app_signup.png HTTP/1.1" 304 -
::1 - - [22/May/2026 01:05:10] "GET /app_swipe.jpg HTTP/1.1" 304 -
::1 - - [22/May/2026 01:05:10] "GET /app_matches.jpg HTTP/1.1" 304 -
::1 - - [22/May/2026 01:05:10] "GET /app_premium.png HTTP/1.1" 304 -
::1 - - [22/May/2026 01:05:10] "GET /app_vip.jpg HTTP/1.1" 304 -
::1 - - [22/May/2026 01:24:47] "GET /memoire_complet.html HTTP/1.1" 200 -
::1 - - [22/May/2026 01:24:47] "GET /flutter_logo.png HTTP/1.1" 304 -
::1 - - [22/May/2026 01:24:47] "GET /diagramme_cas_utilisation.png HTTP/1.1" 304 -
::1 - - [22/May/2026 01:24:48] "GET /app_otp.png HTTP/1.1" 304 -
::1 - - [22/May/2026 01:24:48] "GET /app_signup.png HTTP/1.1" 304 -
::1 - - [22/May/2026 01:24:48] "GET /app_alerts.jpg HTTP/1.1" 304 -
::1 - - [22/May/2026 01:24:48] "GET /app_profile.png HTTP/1.1" 304 -
::1 - - [22/May/2026 01:24:48] "GET /app_swipe.jpg HTTP/1.1" 304 -
::1 - - [22/May/2026 01:24:48] "GET /app_matches.jpg HTTP/1.1" 304 -
::1 - - [22/May/2026 01:24:48] "GET /logo_supabase.png HTTP/1.1" 200 -
::1 - - [22/May/2026 01:24:48] "GET /app_premium.png HTTP/1.1" 304 -
::1 - - [22/May/2026 01:24:48] "GET /app_vip.jpg HTTP/1.1" 304 -
::1 - - [22/May/2026 01:24:48] "GET /logo_postgresql.jpg HTTP/1.1" 200 -
::1 - - [22/May/2026 01:24:48] "GET /logo_ollama_python.png HTTP/1.1" 200 -
::1 - - [22/May/2026 01:24:48] "GET /logo_easyscrap.png HTTP/1.1" 200 -
::1 - - [22/May/2026 01:24:48] "GET /logo_deepseek.png HTTP/1.1" 200 -
::1 - - [22/May/2026 01:36:39] "GET /memoire_complet.html HTTP/1.1" 200 -
::1 - - [22/May/2026 01:36:39] "GET /flutter_logo.png HTTP/1.1" 304 -
::1 - - [22/May/2026 01:36:39] "GET /diagramme_cas_utilisation.png HTTP/1.1" 304 -
::1 - - [22/May/2026 01:36:39] "GET /app_signup.png HTTP/1.1" 304 -
::1 - - [22/May/2026 01:36:39] "GET /app_otp.png HTTP/1.1" 304 -
::1 - - [22/May/2026 01:36:39] "GET /app_profile.png HTTP/1.1" 304 -
::1 - - [22/May/2026 01:36:39] "GET /app_swipe.jpg HTTP/1.1" 304 -
::1 - - [22/May/2026 01:36:39] "GET /app_alerts.jpg HTTP/1.1" 304 -
::1 - - [22/May/2026 01:36:39] "GET /app_matches.jpg HTTP/1.1" 304 -
::1 - - [22/May/2026 01:36:39] "GET /app_premium.png HTTP/1.1" 304 -
::1 - - [22/May/2026 01:36:39] "GET /logo_supabase.png HTTP/1.1" 304 -
::1 - - [22/May/2026 01:36:39] "GET /app_vip.jpg HTTP/1.1" 304 -
::1 - - [22/May/2026 01:36:39] "GET /logo_postgresql.jpg HTTP/1.1" 304 -
::1 - - [22/May/2026 01:36:39] "GET /logo_ollama_python.png HTTP/1.1" 304 -
::1 - - [22/May/2026 01:36:39] "GET /logo_deepseek.png HTTP/1.1" 304 -
::1 - - [22/May/2026 01:36:39] "GET /logo_easyscrap.png HTTP/1.1" 304 -
::1 - - [22/May/2026 01:36:39] "GET /logo_react_vite_tailwind.jpg HTTP/1.1" 200 -
::1 - - [22/May/2026 01:36:39] "GET /dashboard_1.png HTTP/1.1" 200 -
::1 - - [22/May/2026 01:36:39] "GET /dashboard_2.png HTTP/1.1" 200 -
::1 - - [22/May/2026 01:36:39] "GET /dashboard_3.png HTTP/1.1" 200 -
::1 - - [22/May/2026 01:36:39] "GET /dashboard_4.png HTTP/1.1" 200 -
